// Jest Snapshot v1, https://goo.gl/fbAQLP

exports[`expect to render Card component 1`] = `
<div
  className="tc bg-light-green dib br3 pa3 ma2 grow"
>
  <img
    alt="roboPic"
    src="https://robohash.org/undefined?size=200x200"
  />
  <div>
    <h2>
       
       
    </h2>
    <p>
       
       
    </p>
  </div>
</div>
`;
